, None , asdfs
